example/src/app/_layout.tsx(5,39): error TS2307: Cannot find module '@/components/animated-icon' or its corresponding type declarations.
example/src/app/_layout.tsx(6,21): error TS2307: Cannot find module '@/components/app-tabs' or its corresponding type declarations.
example/src/app/explore.tsx(7,30): error TS2307: Cannot find module '@/components/external-link' or its corresponding type declarations.
example/src/app/explore.tsx(8,28): error TS2307: Cannot find module '@/components/themed-text' or its corresponding type declarations.
example/src/app/explore.tsx(9,28): error TS2307: Cannot find module '@/components/themed-view' or its corresponding type declarations.
example/src/app/explore.tsx(10,29): error TS2307: Cannot find module '@/components/ui/collapsible' or its corresponding type declarations.
example/src/app/explore.tsx(11,26): error TS2307: Cannot find module '@/components/web-badge' or its corresponding type declarations.
example/src/app/explore.tsx(12,58): error TS2307: Cannot find module '@/constants/theme' or its corresponding type declarations.
example/src/app/explore.tsx(13,26): error TS2307: Cannot find module '@/hooks/use-theme' or its corresponding type declarations.
example/src/app/index.tsx(5,30): error TS2307: Cannot find module '@/components/animated-icon' or its corresponding type declarations.
example/src/app/index.tsx(6,25): error TS2307: Cannot find module '@/components/hint-row' or its corresponding type declarations.
example/src/app/index.tsx(7,28): error TS2307: Cannot find module '@/components/themed-text' or its corresponding type declarations.
example/src/app/index.tsx(8,28): error TS2307: Cannot find module '@/components/themed-view' or its corresponding type declarations.
example/src/app/index.tsx(9,26): error TS2307: Cannot find module '@/components/web-badge' or its corresponding type declarations.
example/src/app/index.tsx(10,58): error TS2307: Cannot find module '@/constants/theme' or its corresponding type declarations.
example/src/components/app-tabs.tsx(5,24): error TS2307: Cannot find module '@/constants/theme' or its corresponding type declarations.
example/src/components/app-tabs.web.tsx(17,50): error TS2307: Cannot find module '@/constants/theme' or its corresponding type declarations.
example/src/components/app-tabs.web.tsx(28,38): error TS2322: Type '"/explore"' is not assignable to type 'RelativePathString | ExternalPathString | "/about" | `/about?${string}` | `/about#${string}` | "/" | `/?${string}` | `/#${string}` | "/_sitemap" | `/_sitemap?${string}` | `/_sitemap#${string}` | ... 9 more ... | undefined'.
example/src/components/hint-row.tsx(7,25): error TS2307: Cannot find module '@/constants/theme' or its corresponding type declarations.
example/src/components/themed-text.tsx(3,35): error TS2307: Cannot find module '@/constants/theme' or its corresponding type declarations.
example/src/components/themed-text.tsx(4,26): error TS2307: Cannot find module '@/hooks/use-theme' or its corresponding type declarations.
example/src/components/themed-view.tsx(3,28): error TS2307: Cannot find module '@/constants/theme' or its corresponding type declarations.
example/src/components/themed-view.tsx(4,26): error TS2307: Cannot find module '@/hooks/use-theme' or its corresponding type declarations.
example/src/components/ui/collapsible.tsx(6,28): error TS2307: Cannot find module '@/components/themed-text' or its corresponding type declarations.
example/src/components/ui/collapsible.tsx(7,28): error TS2307: Cannot find module '@/components/themed-view' or its corresponding type declarations.
example/src/components/ui/collapsible.tsx(8,25): error TS2307: Cannot find module '@/constants/theme' or its corresponding type declarations.
example/src/components/ui/collapsible.tsx(9,26): error TS2307: Cannot find module '@/hooks/use-theme' or its corresponding type declarations.
example/src/components/web-badge.tsx(9,25): error TS2307: Cannot find module '@/constants/theme' or its corresponding type declarations.
example/src/hooks/use-theme.ts(6,24): error TS2307: Cannot find module '@/constants/theme' or its corresponding type declarations.
example/src/hooks/use-theme.ts(7,32): error TS2307: Cannot find module '@/hooks/use-color-scheme' or its corresponding type declarations.
src/app/index.tsx(10,22): error TS2820: Type '"/(auth)"' is not assignable to type 'RelativePathString | ExternalPathString | "/about" | `/about?${string}` | `/about#${string}` | "/" | `/?${string}` | `/#${string}` | "/_sitemap" | `/_sitemap?${string}` | `/_sitemap#${string}` | ... 8 more ... | { ...; }'. Did you mean '"/auth"'?
